<html>
<body>
<pre>
<h1>µVision Build Log</h1>
<h2>Project:</h2>
C:\Keil_v4\Labware\Lab12_TuningFork\Lab12.uvproj
Project File Date:  11/27/2017

<h2>Output:</h2>
Build target 'Lab12'
linking...
Program Size: Code=5536 RO-data=7336 RW-data=92 ZI-data=1756  
".\Lab12.axf" - 0 Error(s), 0 Warning(s).
Load "C:\\Keil_v4\\Labware\\Lab12_TuningFork\\Lab12.axf" 
Connecting: Mode=JTAG, Speed=1000000Hz
Erase Done.
Programming Done.
Verify OK.
</pre>
</body>
</html>


Not enough information to list image symbols.
Finished: 1 information, 0 warning and 1 error messages.
".\Lab12.axf" - 1 Error(s), 1 Warning(s).
Target not created

Error: Flash Download failed  -  Could not load file 'C:\Keil_v4\Labware\Lab12_TuningFork\Lab12.axf'
Load "C:\\Keil_v4\\Labware\\Lab12_TuningFork\\Lab12.axf" 
_____^
*** error 56: cannot open file
Error: Flash Download failed  -  Could not load file 'C:\Keil_v4\Labware\Lab12_TuningFork\Lab12.axf'
